// Jest Snapshot v1, https://goo.gl/fbAQLP

exports[`PokemonOptions component debe de hacer match con el snapshot 1`] = `
<section class="options-container">
  <ul>
    <li>bulbasaur</li>
    <li>pikachu</li>
    <li>venusaur</li>
    <li>charmander</li>
    <li>mew</li>
  </ul>
</section>
`;
